---
source: cli/cucinactl/tests/tui_snapshots.rs
expression: "screen(width, height, script)"
---
" 1 Overview   2 Pools   3 Hosts   4 Ops   5 Cost   6 Keys         ● LIVE │ prod "
"┌ Action · 4c1f0a2e-7d3b-4e5a-9b6c-000000000001 ───────────── lines 1-19 of 46 ┐"
"│Action      9e3779b97f4a7c159e3779b97f4a7c159e3779b97f4a7c159e3779b97f4a7c15/1│"
"│Instance    main                                                              │"
"│Operation   4c1f0a2e-7d3b-4e5a-9b6c-000000000001 (executing)                  │"
"│Invocation  9e8d7c6b-0000-4000-8000-000000000001                              │"
"│Target      //absl/strings:str_cat_test                                       │"
"│Worker      i-0a1b2c3d4e5f60718 thread 1                                      │"
"│Platform    ISA=x86-64, OSFamily=linux                                        │"
"│Timeout     15m00s                                                            │"
"│                                                                              │"
"│Command: 13 arguments                                                         │"
"│  external/llvm/bin/clang++                                                   │"
"│  -std=c++17                                                                  │"
"│  -O0                                                                         │"
"│  -g                                                                          │"
"│  -iquote                                                                     │"
"│  .                                                                           │"
"│  -MD                                                                         │"
"│  -MF                                                                         │"
"│  bazel-out/k8-fastbuild/bin/absl/strings/str_cat_test.d                      │"
"└──────────────────────────────────────────────────────────────────────────────┘"
"                                                                                "
" ↑↓ PgUp PgDn scroll  Esc back  Tab view  ? help  q quit                        "
