---
source: cli/cucinactl/tests/tui_snapshots.rs
expression: "screen(width, height, script)"
---
" 1 Overview   2 Pools   3 Hosts   4 Ops   5 Cost   6 Keys                             ● LIVE │ prod "
"┌ Pools (4) ───────────────────────────────────────────────────────────────────────────────────────┐"
"│POOL                                PROVIDER DES/MAX BOOT READY BUSY DRAIN IMAGE CONDITION        │"
"│linux-aarch64                       ec2          0/4    0     0    0     0 g3    Ready            │"
"│linux-x86-64                        ec2          3/8    1     2    2     0 g7    Ready            │"
"│macos-arm64-xcode27.0               tart         2/4    0     2    1     0 g2    Ready            │"
"│windows-x86-64                      ec2          1/4    1     0    0     0 g5    Ready            │"
"└──────────────────────────────────────────────────────────────────────────────────────────────────┘"
"┌ Workers · linux-x86-64 (3) ──────────────────────────────────────────────────────────────────────┐"
"│NODE                                     STATE     BUSY    TYPE                 GEN  IDLE   UP    │"
"│i-0a1b2c3d4e5f60718                      busy        32/32 c8i.8xlarge          g7        -    14m│"
"│i-0a1b2c3d4e5f┌ Confirm ───────────────────────────────────────────────────────────┐      -     9m│"
"│i-0a1b2c3d4e5f│Drain worker i-0a1b2c3d4e5f60718?                                   │      -    20s│"
"│              │Pool linux-x86-64; 32/32 runner threads busy.                       │              │"
"│              │It takes no new actions; running actions finish, then               │              │"
"│              │it is stopped once idle. u (undrain) reverts this.                  │              │"
"│              │                                                                    │              │"
"│              │                          [ No ]   [ Yes ]                          │              │"
"│              └────────────────────────────────────────────────────────────────────┘              │"
"│                                                                                                  │"
"└──────────────────────────────────────────────────────────────────────────────────────────────────┘"
"┌ Scale timeline ────────────────────────────────┐┌ Cold starts · p50 39s · max 39s ───────────────┐"
"│   20s launch    i-0a1b2c3d4e5f6071a queue 14 > ││VM                  PATH       RUN   REG   1ST  │"
"│    8m register  i-0a1b2c3d4e5f60719 first actio││i-0a1b2c3d4e5f60719 slow         18s   37s   39s│"
"│    9m launch    i-0a1b2c3d4e5f60719 c8i.8xlarge││i-0a1b2c3d4e5f60718 slow         17s   34s   38s│"
"│   13m register  i-0a1b2c3d4e5f60718 first actio││                                                │"
"│   14m launch    i-0a1b2c3d4e5f60718 scale from ││                                                │"
"└────────────────────────────────────────────────┘└────────────────────────────────────────────────┘"
"                                                                                                    "
" y yes  n/Esc no  ←→ choose  Enter answer                                                           "
