---
source: cli/cucinactl/tests/tui_snapshots.rs
expression: "screen(width, height, script)"
---
" 1 Overview   2 Pools   3 Hosts   4 Ops   5 Cost   6 Keys                             ● LIVE │ prod "
"┌ Mac hosts (3) ───────────────────────────────────────────────────────────────────────────────────┐"
"│HOST                  SITE     PHASE    CORDON   VMS   L2 HIT WAN RX                BEAT   AGENT  │"
"│mini-1                office   Online   -          2/2    93% 1.6 GiB                   3s 0.1.0  │"
"│mini-2                office   Online   cordoned   0/2    88% 864.0 MiB                 3s 0.1.0  │"
"│mini-3                office   Offline  -          0/2      - 50.0 MiB                  6m 0.1.0  │"
"└──────────────────────────────────────────────────────────────────────────────────────────────────┘"
"┌ mini-1 · C07DEMO00001 ───────────────────────────────────────────────────────────────────────────┐"
"│macOS 27.0 · Tart 2.40.1 · Apple M4 Pro · 14 cores · 64 GiB · 412 GiB free · cert in 20h00m       │"
"│VM       POOL                    STATE     IMAGE                                         GEN  REG │"
"│vm-a     macos-arm64-xcode27.0   running   ghcr.io/example/cucina-macos:27.0-xcode27.0   g2   yes │"
"│vm-b     macos-arm64-xcode27.0   running   ghcr.io/example/cucina-macos:27.0-xcode27.0   g2   yes │"
"│                                                                                                  │"
"│                                                                                                  │"
"│                                                                                                  │"
"│                                                                                                  │"
"│                                                                                                  │"
"│                                                                                                  │"
"│                                                                                                  │"
"│                                                                                                  │"
"│                                                                                                  │"
"│                                                                                                  │"
"│                                                                                                  │"
"│                                                                                                  │"
"│                                                                                                  │"
"│                                                                                                  │"
"│images ghcr.io/example/cucina-macos:27.0-xcode27.0  labels rack=a                                 │"
"└──────────────────────────────────────────────────────────────────────────────────────────────────┘"
"                                                                                                    "
" d drain  u uncordon  R re-image  ↑↓ select  / filter  Tab view  ? help  q quit                     "
