---
source: cli/cucinactl/tests/tui_snapshots.rs
expression: "screen(width, height, script)"
---
" 1 Overview   2 Pools   3 Hosts   4 Ops   5 Cost   6 Keys         ● LIVE │ prod "
"┌ Operations (5 of 8) ─────────────────────────────────────────────────────────┐"
"│STAGE     AGE   PLATFORM     INST   TARGET               INV      WORKER      │"
"│executing   41s linux/x86-64 main   //absl/strings:str_c 9e8d7c6b i-0a1b2c3d4e│"
"│executing   33s linux/x86-64 main   //absl/container:fla 9e8d7c6b i-0a1b2c3d4e│"
"│executing   12s linux/rv64g  main   //absl/numeric:int12 9e8d7c6b i-0a1b2c3d4e│"
"│queued       9s linux/x86-64 main   //absl/synchronizati 9e8d7c6b -           │"
"│queued       5s linux/x86-64 main   //absl/random:distri 9e8d7c6b -           │"
"│                                                                              │"
"│                                                                              │"
"│                                                                              │"
"│                                                                              │"
"│                                                                              │"
"│                                                                              │"
"│                                                                              │"
"│                                                                              │"
"│                                                                              │"
"│                                                                              │"
"│                                                                              │"
"│                                                                              │"
"│                                                                              │"
"└──────────────────────────────────────────────────────────────────────────────┘"
"filter: platform:linux  (/ edits, Esc clears)                                   "
" Enter inspect  x kill  ↑↓ select  / filter  Tab view  ? help  q quit           "
